 running on  128 total cores
 distrk:  each k-point on  128 cores,    1 groups
 distr:  one band on    1 cores,  128 groups
 using from now: INCAR     
 vasp.5.4.4.18Apr17-6-g9f103f2a35 (build Dec 11 2022 16:18:32) complex          
  
 POSCAR found type information on POSCAR  Ba Te
 POSCAR found :  2 types and       2 ions
 scaLAPACK will be used

 ----------------------------------------------------------------------------- 
|                                                                             |
|           W    W    AA    RRRRR   N    N  II  N    N   GGGG   !!!           |
|           W    W   A  A   R    R  NN   N  II  NN   N  G    G  !!!           |
|           W    W  A    A  R    R  N N  N  II  N N  N  G       !!!           |
|           W WW W  AAAAAA  RRRRR   N  N N  II  N  N N  G  GGG   !            |
|           WW  WW  A    A  R   R   N   NN  II  N   NN  G    G                |
|           W    W  A    A  R    R  N    N  II  N    N   GGGG   !!!           |
|                                                                             |
|      For LVTOT=.TRUE. VASP.5.x writes the TOTAL local potential to          |
|      the file LOCPOT. If you want the Hartree contributions only, use       |
|      LVHAR=.TRUE. instead.                                                  |
|                                                                             |
 ----------------------------------------------------------------------------- 


 ----------------------------------------------------------------------------- 
|                                                                             |
|           W    W    AA    RRRRR   N    N  II  N    N   GGGG   !!!           |
|           W    W   A  A   R    R  NN   N  II  NN   N  G    G  !!!           |
|           W    W  A    A  R    R  N N  N  II  N N  N  G       !!!           |
|           W WW W  AAAAAA  RRRRR   N  N N  II  N  N N  G  GGG   !            |
|           WW  WW  A    A  R   R   N   NN  II  N   NN  G    G                |
|           W    W  A    A  R    R  N    N  II  N    N   GGGG   !!!           |
|                                                                             |
|      For optimal performance we recommend to set                            |
|        NCORE= 4 - approx SQRT( number of cores)                             |
|      NCORE specifies how many cores store one orbital (NPAR=cpu/NCORE).     |
|      This setting can  greatly improve the performance of VASP for DFT.     |
|      The default,   NCORE=1            might be grossly inefficient         |
|      on modern multi-core architectures or massively parallel machines.     |
|      Do your own testing !!!!                                               |
|      Unfortunately you need to use the default for GW and RPA calculations. |
|      (for HF NCORE is supported but not extensively tested yet)             |
|                                                                             |
 ----------------------------------------------------------------------------- 

 WARNING: PSMAXN for non-local potential too small

 ----------------------------------------------------------------------------- 
|                                                                             |
|  ADVICE TO THIS USER RUNNING 'VASP/VAMP'   (HEAR YOUR MASTER'S VOICE ...):  |
|                                                                             |
|      You enforced a specific xc-type in the INCAR file,                     |
|      a different type was found on the POTCAR file                          |
|          I HOPE YOU KNOW, WHAT YOU ARE  DOING                               |
|                                                                             |
 ----------------------------------------------------------------------------- 

 LDA part: xc-table for Pade appr. of Perdew

 ----------------------------------------------------------------------------- 
|                                                                             |
|           W    W    AA    RRRRR   N    N  II  N    N   GGGG   !!!           |
|           W    W   A  A   R    R  NN   N  II  NN   N  G    G  !!!           |
|           W    W  A    A  R    R  N N  N  II  N N  N  G       !!!           |
|           W WW W  AAAAAA  RRRRR   N  N N  II  N  N N  G  GGG   !            |
|           WW  WW  A    A  R   R   N   NN  II  N   NN  G    G                |
|           W    W  A    A  R    R  N    N  II  N    N   GGGG   !!!           |
|                                                                             |
|      The number of bands has been changed from the values supplied          |
|      in the INCAR file. This is a result of running the parallel version.   |
|      The orbitals not found in the WAVECAR file will be initialized with    |
|      random numbers, which is usually adequate. For correlated              |
|      calculations, however, you should redo the groundstate calculation.    |
|      I found NBANDS    =        9  now  NBANDS  =     128                   |
|                                                                             |
 ----------------------------------------------------------------------------- 

 POSCAR, INCAR and KPOINTS ok, starting setup
 FFT: planning ...
 WAVECAR not read
 WARNING: random wavefunctions but no delay for mixing, default for NELMDL
 entering main loop
       N       E                     dE             d eps       ncg     rms          rms(c)
DAV:   1     0.238700673102E+02    0.23870E+02   -0.92363E+03   512   0.130E+02
DAV:   2    -0.386618406203E+01   -0.27736E+02   -0.27736E+02   768   0.162E+01
DAV:   3    -0.387376733431E+01   -0.75833E-02   -0.75833E-02   512   0.414E-01
DAV:   4    -0.387376910873E+01   -0.17744E-05   -0.17744E-05  1024   0.597E-03
DAV:   5    -0.387376910873E+01   -0.48885E-11   -0.42197E-11   512   0.289E-06    0.450E+00
DAV:   6    -0.260312185693E+01    0.12706E+01   -0.19219E+00   512   0.515E-01    0.334E+00
DAV:   7    -0.235801830103E+01    0.24510E+00   -0.16513E+00   768   0.510E-01    0.244E+00
DAV:   8    -0.243720108739E+01   -0.79183E-01   -0.57388E-02   768   0.171E-01    0.678E-01
DAV:   9    -0.243821948705E+01   -0.10184E-02   -0.24474E-03  1024   0.209E-02    0.377E-01
DAV:  10    -0.244057745674E+01   -0.23580E-02   -0.15528E-03   512   0.354E-02    0.144E-02
DAV:  11    -0.244058054413E+01   -0.30874E-05   -0.14046E-05   768   0.237E-03    0.463E-03
DAV:  12    -0.244058301911E+01   -0.24750E-05   -0.21506E-06   512   0.142E-03    0.126E-03
DAV:  13    -0.244058319388E+01   -0.17477E-06   -0.87916E-08   512   0.294E-04    0.135E-03
DAV:  14    -0.244058324355E+01   -0.49671E-07   -0.18889E-08  1024   0.161E-04
   1 F= -.24405832E+01 E0= -.24405832E+01  d E =-.244058E+01  mag=     0.0000
 curvature:   0.00 expect dE= 0.000E+00 dE for cont linesearch  0.000E+00
 trial: gam= 0.00000 g(F)=  0.187E-16 g(S)=  0.000E+00 ort = 0.000E+00 (trialstep = 0.100E+01)
 search vector abs. value=  0.100E-09
 reached required accuracy - stopping structural energy minimisation
 writing wavefunctions
